// Jest Snapshot v1, https://goo.gl/fbAQLP

exports[`LinkRow should render 1`] = `
"<TableRow as=\\"tr\\" cellAs=\\"td\\">
  <TableCell as=\\"td\\">
    <Label as=\\"a\\" ribbon={true} onClick={[Function: onClick]}>
      linkAddress
    </Label>
  </TableCell>
  <TableCell as=\\"td\\">
    tagTitle
  </TableCell>
  <TableCell as=\\"td\\">
    <Component tag={{...}} />
    <Component tag={{...}} />
  </TableCell>
  <TableCell as=\\"td\\">
    <Button onClick={[Function: onClick]} icon=\\"eye\\" content=\\"Select\\" labelPosition=\\"left\\" as=\\"button\\" role=\\"button\\" />
  </TableCell>
</TableRow>"
`;
